// Jest Snapshot v1, https://goo.gl/fbAQLP

exports[`status renders the status page 1`] = `
"
  <html lang='en-US'>
  <head>
    <meta charset='utf-8'/>
  </head>
  <style>
    span {
      display: block;
      padding-top: 1em;
      padding-bottom: 1em;
      text-align: center;
    }
  </style>
  <body>
  <span>Your worker is deployed</span>
  <span>
  Worker version: __current_worker_version__
  </span>
  
    <span>
    All environment variables are set
    </span>
    
  <span>
  Please reach out our support via <a href='mailto:support@fingerprint.com'>support@fingerprint.com</a> if you have any issues
  </span>
    
  </body>
  </html>
  "
`;
